=== miniTown ===
Mon Sep  7 11:47:11 AM UTC 2026
Lockfile is up to date, resolution step is skipped
Progress: resolved 1, reused 0, downloaded 0, added 0
Packages: +65
+++++++++++++++++++++++++++++++++++++++++++++++++++++++++++++++++
Progress: resolved 65, reused 0, downloaded 14, added 3
Progress: resolved 65, reused 0, downloaded 41, added 27
Progress: resolved 65, reused 0, downloaded 64, added 64
Progress: resolved 65, reused 0, downloaded 65, added 65, done
.../esbuild@0.25.12/node_modules/esbuild postinstall$ node install.js
.../esbuild@0.21.5/node_modules/esbuild postinstall$ node install.js
.../esbuild@0.25.12/node_modules/esbuild postinstall: Done
.../esbuild@0.21.5/node_modules/esbuild postinstall: Done

dependencies:
+ three 0.170.0

devDependencies:
+ @biomejs/biome 2.5.3
+ @playwright/test 1.61.1
+ @types/three 0.170.0
+ typescript 5.9.3
+ vite 6.4.3
+ vitest 2.1.9

Done in 4s using pnpm v9.15.9
Downloading Chrome for Testing 149.0.7827.55 (playwright chromium v1228) from https://cdn.playwright.dev/builds/cft/149.0.7827.55/linux64/chrome-linux64.zip
|                                                                                |   0% of 177 MiB
|■■■■■■■■                                                                        |  10% of 177 MiB
|■■■■■■■■■■■■■■■■                                                                |  20% of 177 MiB
|■■■■■■■■■■■■■■■■■■■■■■■■                                                        |  30% of 177 MiB
|■■■■■■■■■■■■■■■■■■■■■■■■■■■■■■■■                                                |  40% of 177 MiB
|■■■■■■■■■■■■■■■■■■■■■■■■■■■■■■■■■■■■■■■■                                        |  50% of 177 MiB
|■■■■■■■■■■■■■■■■■■■■■■■■■■■■■■■■■■■■■■■■■■■■■■■■                                |  60% of 177 MiB
|■■■■■■■■■■■■■■■■■■■■■■■■■■■■■■■■■■■■■■■■■■■■■■■■■■■■■■■■                        |  70% of 177 MiB
|■■■■■■■■■■■■■■■■■■■■■■■■■■■■■■■■■■■■■■■■■■■■■■■■■■■■■■■■■■■■■■■■                |  80% of 177 MiB
|■■■■■■■■■■■■■■■■■■■■■■■■■■■■■■■■■■■■■■■■■■■■■■■■■■■■■■■■■■■■■■■■■■■■■■■■        |  90% of 177 MiB
|■■■■■■■■■■■■■■■■■■■■■■■■■■■■■■■■■■■■■■■■■■■■■■■■■■■■■■■■■■■■■■■■■■■■■■■■■■■■■■■■| 100% of 177 MiB
Chrome for Testing 149.0.7827.55 (playwright chromium v1228) downloaded to /home/ubuntu/.cache/ms-playwright/chromium-1228
Downloading FFmpeg (playwright ffmpeg v1011) from https://cdn.playwright.dev/dbazure/download/playwright/builds/ffmpeg/1011/ffmpeg-linux.zip
|                                                                                |   0% of 2.3 MiB
|■■■■■■■■                                                                        |  10% of 2.3 MiB
|■■■■■■■■■■■■■■■■                                                                |  20% of 2.3 MiB
|■■■■■■■■■■■■■■■■■■■■■■■■                                                        |  30% of 2.3 MiB
|■■■■■■■■■■■■■■■■■■■■■■■■■■■■■■■■                                                |  40% of 2.3 MiB
|■■■■■■■■■■■■■■■■■■■■■■■■■■■■■■■■■■■■■■■■                                        |  50% of 2.3 MiB
|■■■■■■■■■■■■■■■■■■■■■■■■■■■■■■■■■■■■■■■■■■■■■■■■                                |  60% of 2.3 MiB
|■■■■■■■■■■■■■■■■■■■■■■■■■■■■■■■■■■■■■■■■■■■■■■■■■■■■■■■■                        |  70% of 2.3 MiB
|■■■■■■■■■■■■■■■■■■■■■■■■■■■■■■■■■■■■■■■■■■■■■■■■■■■■■■■■■■■■■■■■                |  80% of 2.3 MiB
|■■■■■■■■■■■■■■■■■■■■■■■■■■■■■■■■■■■■■■■■■■■■■■■■■■■■■■■■■■■■■■■■■■■■■■■■        |  90% of 2.3 MiB
|■■■■■■■■■■■■■■■■■■■■■■■■■■■■■■■■■■■■■■■■■■■■■■■■■■■■■■■■■■■■■■■■■■■■■■■■■■■■■■■■| 100% of 2.3 MiB
FFmpeg (playwright ffmpeg v1011) downloaded to /home/ubuntu/.cache/ms-playwright/ffmpeg-1011
Downloading Chrome Headless Shell 149.0.7827.55 (playwright chromium-headless-shell v1228) from https://cdn.playwright.dev/builds/cft/149.0.7827.55/linux64/chrome-headless-shell-linux64.zip
|                                                                                |   0% of 114.2 MiB
|■■■■■■■■                                                                        |  10% of 114.2 MiB
|■■■■■■■■■■■■■■■■                                                                |  20% of 114.2 MiB
|■■■■■■■■■■■■■■■■■■■■■■■■                                                        |  30% of 114.2 MiB
|■■■■■■■■■■■■■■■■■■■■■■■■■■■■■■■■                                                |  40% of 114.2 MiB
|■■■■■■■■■■■■■■■■■■■■■■■■■■■■■■■■■■■■■■■■                                        |  50% of 114.2 MiB
|■■■■■■■■■■■■■■■■■■■■■■■■■■■■■■■■■■■■■■■■■■■■■■■■                                |  60% of 114.2 MiB
|■■■■■■■■■■■■■■■■■■■■■■■■■■■■■■■■■■■■■■■■■■■■■■■■■■■■■■■■                        |  70% of 114.2 MiB
|■■■■■■■■■■■■■■■■■■■■■■■■■■■■■■■■■■■■■■■■■■■■■■■■■■■■■■■■■■■■■■■■                |  80% of 114.2 MiB
|■■■■■■■■■■■■■■■■■■■■■■■■■■■■■■■■■■■■■■■■■■■■■■■■■■■■■■■■■■■■■■■■■■■■■■■■        |  90% of 114.2 MiB
|■■■■■■■■■■■■■■■■■■■■■■■■■■■■■■■■■■■■■■■■■■■■■■■■■■■■■■■■■■■■■■■■■■■■■■■■■■■■■■■■| 100% of 114.2 MiB
Chrome Headless Shell 149.0.7827.55 (playwright chromium-headless-shell v1228) downloaded to /home/ubuntu/.cache/ms-playwright/chromium_headless_shell-1228

> mini-town@0.1.0 smoke /workspace/engines/miniTown
> MINITOWN_PORT=5189 playwright test && READINESS_TEST_RUN=passed node scripts/readiness-report.mjs


Running 1 test using 1 worker

(node:6938) Warning: The 'NO_COLOR' env is ignored due to the 'FORCE_COLOR' env being set.
(Use `node --trace-warnings ...` to show where the warning was created)
(node:6938) Warning: The 'NO_COLOR' env is ignored due to the 'FORCE_COLOR' env being set.
(Use `node --trace-warnings ...` to show where the warning was created)
  ✓  1 playwright/mini-town.spec.ts:3:1 › loads the town and advances its public simulation (2.5s)

  1 passed (7.2s)
Reported engines/miniTown/test-results/readiness/minitown-explore-only.json
EXIT=0
Mon Sep  7 11:47:36 AM UTC 2026
