{
  "base_sha256": "4fa56de72383a9d3efa9cfa78955733c81b9fc8067a587ca4beb82c78107a24e",
  "trained_sha256": "e16f0aa70287f37f3d945c7b4fe7581a5fa996af9fe306ccbc3db43ffec8be97",
  "encoder_tensors_verified_equal": 170,
  "head_tensors": 36,
  "head_parameters": 26512134,
  "changed_tensors": [
    "head.layers.0.linear1.bias",
    "head.layers.0.linear1.weight",
    "head.layers.0.linear2.bias",
    "head.layers.0.linear2.weight",
    "head.layers.0.norm1.bias",
    "head.layers.0.norm1.weight",
    "head.layers.0.norm2.bias",
    "head.layers.0.norm2.weight",
    "head.layers.0.self_attn.in_proj_bias",
    "head.layers.0.self_attn.in_proj_weight",
    "head.layers.0.self_attn.out_proj.bias",
    "head.layers.0.self_attn.out_proj.weight",
    "head.layers.1.linear1.bias",
    "head.layers.1.linear1.weight",
    "head.layers.1.linear2.bias",
    "head.layers.1.linear2.weight",
    "head.layers.1.norm1.bias",
    "head.layers.1.norm1.weight",
    "head.layers.1.norm2.bias",
    "head.layers.1.norm2.weight",
    "head.layers.1.self_attn.in_proj_bias",
    "head.layers.1.self_attn.in_proj_weight",
    "head.layers.1.self_attn.out_proj.bias",
    "head.layers.1.self_attn.out_proj.weight",
    "scorer.0.bias",
    "scorer.0.weight",
    "scorer.1.bias",
    "scorer.1.weight",
    "scorer.3.bias",
    "scorer.3.weight",
    "type_emb.weight"
  ]
}
