{"train_questions": 316, "calibration_questions": 138, "device": "cpu", "config": {"epochs": 4, "micro_batch": 2, "grad_accum": 8, "encoder_lr": 2.5e-05, "head_lr": 0.0005, "min_lr": 1e-06, "weight_decay": 0.01, "grad_clip": 1.0, "loss": "soft-ce", "rl_samples": 4, "sigma_start": 0.4, "sigma_end": 0.1, "w_sph": 0.75, "w_rps": 1.0, "shuffle_options": ["choice", "noul"], "freeze_encoder": true, "calib_max": 400, "calib_frac": 0.1, "calib_seed": 20260922, "seed": 20261004, "max_len": 512, "head_max_len": 256, "amp": null, "gradient_checkpointing": false, "log_every": 25}}
epoch 1/4 step 25 loss 0.1871
epoch 1/4 step 50 loss 1.3855
epoch 1/4 step 75 loss 1.2675
epoch 1/4 step 100 loss 1.3312
epoch 1/4 step 125 loss 0.9883
epoch 1/4 step 150 loss 1.2398
epoch 1/4 mean loss 1.0142
completed epoch 1 loss 1.0142000951344454
epoch 2/4 step 25 loss 0.4197
epoch 2/4 step 50 loss 1.6877
epoch 2/4 step 75 loss 1.1587
epoch 2/4 step 100 loss 1.5337
epoch 2/4 step 125 loss 0.6715
epoch 2/4 step 150 loss 1.4241
epoch 2/4 mean loss 0.9514
completed epoch 2 loss 0.9513531416283236
epoch 3/4 step 25 loss 1.3006
epoch 3/4 step 50 loss 0.1466
epoch 3/4 step 75 loss 1.3240
epoch 3/4 step 100 loss 1.2053
epoch 3/4 step 125 loss 1.0113
epoch 3/4 step 150 loss 1.0048
epoch 3/4 mean loss 0.9501
completed epoch 3 loss 0.9501343510626473
epoch 4/4 step 25 loss 1.4031
epoch 4/4 step 50 loss 0.0735
epoch 4/4 step 75 loss 1.3208
epoch 4/4 step 100 loss 0.6386
epoch 4/4 step 125 loss 1.4012
epoch 4/4 step 150 loss 1.1500
epoch 4/4 mean loss 0.9178
completed epoch 4 loss 0.9177578454601425
Calibrating only on separate calibration split
Checkpoint exported: .scratch/laya-jev/finetune/typed-head-02 SHA256: 760d6479aef421be52656431caea0a5a79099888027c92886f21d588e10393cf
