Looking in indexes: https://download.pytorch.org/whl/cpu
Requirement already satisfied: torch==2.14.1+cpu in /workspace/laya/.venv/lib/python3.12/site-packages (2.14.1+cpu)
Requirement already satisfied: filelock in /workspace/laya/.venv/lib/python3.12/site-packages (from torch==2.14.1+cpu) (3.32.3)
Requirement already satisfied: typing-extensions>=4.10.0 in /workspace/laya/.venv/lib/python3.12/site-packages (from torch==2.14.1+cpu) (4.16.0)
Requirement already satisfied: setuptools>=77.0.3 in /workspace/laya/.venv/lib/python3.12/site-packages (from torch==2.14.1+cpu) (78.1.0)
Requirement already satisfied: sympy>=1.13.3 in /workspace/laya/.venv/lib/python3.12/site-packages (from torch==2.14.1+cpu) (1.14.0)
Requirement already satisfied: networkx>=2.5.1 in /workspace/laya/.venv/lib/python3.12/site-packages (from torch==2.14.1+cpu) (3.6.1)
Requirement already satisfied: jinja2 in /workspace/laya/.venv/lib/python3.12/site-packages (from torch==2.14.1+cpu) (3.1.6)
Requirement already satisfied: fsspec>=0.8.5 in /workspace/laya/.venv/lib/python3.12/site-packages (from torch==2.14.1+cpu) (2026.7.0)
Requirement already satisfied: mpmath<1.4,>=1.1.0 in /workspace/laya/.venv/lib/python3.12/site-packages (from sympy>=1.13.3->torch==2.14.1+cpu) (1.3.0)
Requirement already satisfied: MarkupSafe>=2.0 in /workspace/laya/.venv/lib/python3.12/site-packages (from jinja2->torch==2.14.1+cpu) (3.0.3)

[notice] A new release of pip is available: 25.0.1 -> 26.2.1
[notice] To update, run: python3 -m pip install --upgrade pip
Obtaining file:///workspace/laya
  Installing build dependencies: started
  Installing build dependencies: finished with status 'done'
  Checking if build backend supports build_editable: started
  Checking if build backend supports build_editable: finished with status 'done'
  Getting requirements to build editable: started
  Getting requirements to build editable: finished with status 'done'
  Preparing editable metadata (pyproject.toml): started
  Preparing editable metadata (pyproject.toml): finished with status 'done'
Requirement already satisfied: transformers==4.57.6 in /workspace/laya/.venv/lib/python3.12/site-packages (4.57.6)
Requirement already satisfied: python-dotenv==1.2.4 in /workspace/laya/.venv/lib/python3.12/site-packages (1.2.4)
Requirement already satisfied: filelock in /workspace/laya/.venv/lib/python3.12/site-packages (from transformers==4.57.6) (3.32.3)
Requirement already satisfied: huggingface-hub<1.0,>=0.34.0 in /workspace/laya/.venv/lib/python3.12/site-packages (from transformers==4.57.6) (0.36.2)
Requirement already satisfied: numpy>=1.17 in /workspace/laya/.venv/lib/python3.12/site-packages (from transformers==4.57.6) (2.5.3)
Requirement already satisfied: packaging>=20.0 in /workspace/laya/.venv/lib/python3.12/site-packages (from transformers==4.57.6) (26.3)
Requirement already satisfied: pyyaml>=5.1 in /workspace/laya/.venv/lib/python3.12/site-packages (from transformers==4.57.6) (6.0.3)
Requirement already satisfied: regex!=2019.12.17 in /workspace/laya/.venv/lib/python3.12/site-packages (from transformers==4.57.6) (2026.9.29)
Requirement already satisfied: requests in /workspace/laya/.venv/lib/python3.12/site-packages (from transformers==4.57.6) (2.34.2)
Requirement already satisfied: tokenizers<=0.23.0,>=0.22.0 in /workspace/laya/.venv/lib/python3.12/site-packages (from transformers==4.57.6) (0.22.2)
Requirement already satisfied: safetensors>=0.4.3 in /workspace/laya/.venv/lib/python3.12/site-packages (from transformers==4.57.6) (0.8.0)
Requirement already satisfied: tqdm>=4.27 in /workspace/laya/.venv/lib/python3.12/site-packages (from transformers==4.57.6) (4.70.1)
Requirement already satisfied: torch>=2.0.0 in /workspace/laya/.venv/lib/python3.12/site-packages (from laya==0.3.27) (2.14.1+cpu)
Requirement already satisfied: fsspec>=2023.5.0 in /workspace/laya/.venv/lib/python3.12/site-packages (from huggingface-hub<1.0,>=0.34.0->transformers==4.57.6) (2026.7.0)
Requirement already satisfied: hf-xet<2.0.0,>=1.1.3 in /workspace/laya/.venv/lib/python3.12/site-packages (from huggingface-hub<1.0,>=0.34.0->transformers==4.57.6) (1.6.0)
Requirement already satisfied: typing-extensions>=3.7.4.3 in /workspace/laya/.venv/lib/python3.12/site-packages (from huggingface-hub<1.0,>=0.34.0->transformers==4.57.6) (4.16.0)
Requirement already satisfied: setuptools>=77.0.3 in /workspace/laya/.venv/lib/python3.12/site-packages (from torch>=2.0.0->laya==0.3.27) (78.1.0)
Requirement already satisfied: sympy>=1.13.3 in /workspace/laya/.venv/lib/python3.12/site-packages (from torch>=2.0.0->laya==0.3.27) (1.14.0)
Requirement already satisfied: networkx>=2.5.1 in /workspace/laya/.venv/lib/python3.12/site-packages (from torch>=2.0.0->laya==0.3.27) (3.6.1)
Requirement already satisfied: jinja2 in /workspace/laya/.venv/lib/python3.12/site-packages (from torch>=2.0.0->laya==0.3.27) (3.1.6)
Requirement already satisfied: charset_normalizer<4,>=2 in /workspace/laya/.venv/lib/python3.12/site-packages (from requests->transformers==4.57.6) (3.5.2)
Requirement already satisfied: idna<4,>=2.5 in /workspace/laya/.venv/lib/python3.12/site-packages (from requests->transformers==4.57.6) (3.20)
Requirement already satisfied: urllib3<3,>=1.26 in /workspace/laya/.venv/lib/python3.12/site-packages (from requests->transformers==4.57.6) (2.8.0)
Requirement already satisfied: certifi>=2023.5.7 in /workspace/laya/.venv/lib/python3.12/site-packages (from requests->transformers==4.57.6) (2026.7.22)
Requirement already satisfied: mpmath<1.4,>=1.1.0 in /workspace/laya/.venv/lib/python3.12/site-packages (from sympy>=1.13.3->torch>=2.0.0->laya==0.3.27) (1.3.0)
Requirement already satisfied: MarkupSafe>=2.0 in /workspace/laya/.venv/lib/python3.12/site-packages (from jinja2->torch>=2.0.0->laya==0.3.27) (3.0.3)
Building wheels for collected packages: laya
  Building editable for laya (pyproject.toml): started
  Building editable for laya (pyproject.toml): finished with status 'done'
  Created wheel for laya: filename=laya-0.3.27-0.editable-py3-none-any.whl size=48627 sha256=42240ad95a1de523d8da126ff1ce8284fc28e12addd7c1224d6a88e5e380cce1
  Stored in directory: /tmp/pip-ephem-wheel-cache-_z1vbzcn/wheels/61/aa/9b/7aed466a6681dfef728aef1c567921d05ac8fcbaf15aab31ba
Successfully built laya
Installing collected packages: laya
  Attempting uninstall: laya
    Found existing installation: laya 0.3.27
    Uninstalling laya-0.3.27:
      Successfully uninstalled laya-0.3.27
Successfully installed laya-0.3.27

[notice] A new release of pip is available: 25.0.1 -> 26.2.1
[notice] To update, run: python3 -m pip install --upgrade pip
Laya ready: /workspace/laya
