triage-00-en ok 216.9
triage-00-pt ok 143.0
triage-01-en ok 221.0
triage-01-pt ok 174.8
triage-02-en ok 257.5
triage-02-pt ok 228.7
triage-03-en ok 96.3
triage-03-pt ok 137.2
triage-04-en ok 147.7
triage-04-pt ok 194.6
triage-05-en ok 145.9
triage-05-pt ok 158.1
triage-06-en ok 185.5
triage-06-pt ok 194.9
triage-07-en ok 108.8
triage-07-pt ok 110.1
triage-08-en ok 173.5
triage-08-pt ok 111.8
triage-09-en ok 146.0
triage-09-pt ok 195.1
triage-10-en ok 171.1
triage-10-pt ok 221.4
triage-11-en ok 115.2
triage-11-pt ok 185.1
sentiment-00-en ok 107.8
sentiment-00-pt ok 142.9
sentiment-01-en ok 157.0
sentiment-01-pt ok 132.8
sentiment-02-en ok 131.8
sentiment-02-pt ok 116.5
sentiment-03-en ok 109.4
sentiment-03-pt ok 109.0
sentiment-04-en ok 114.0
sentiment-04-pt ok 129.3
sentiment-05-en ok 136.8
sentiment-05-pt ok 101.6
sentiment-06-en ok 143.6
sentiment-06-pt ok 118.9
sentiment-07-en ok 125.8
sentiment-07-pt ok 168.1
metric-00 ok 126.2
metric-01 ok 125.0
metric-02 ok 131.4
metric-03 ok 95.3
metric-04 ok 103.6
metric-05 ok 219.4
metric-06 ok 118.4
metric-07 ok 132.6
metric-08 ok 100.8
metric-09 ok 118.6
metric-10 ok 100.5
metric-11 ok 111.5
prompt-00 ok 108.1
prompt-01 ok 102.6
prompt-02 ok 128.0
prompt-03 ok 133.9
catalog-00 ok 144.3
catalog-01 ok 125.7
catalog-02 ok 107.4
catalog-03 ok 113.2
catalog-04 ok 133.0
catalog-05 ok 148.8
