/workspace/laya/laya/router.py:774: RuntimeWarning: laya: this checkpoint ships invalid temperatures or values outside [0.5, 5]; using choice:11+=0.10058280825614929 -> 0.5. Treat confidence from the affected entries as uncalibrated.
  return Agent(repo, **kwargs)
triage-00-en ok 4845.3
triage-00-pt ok 2619.3
triage-01-en ok 795.6
triage-01-pt ok 318.9
triage-02-en ok 712.5
triage-02-pt ok 291.2
triage-03-en ok 878.3
triage-03-pt ok 264.6
triage-04-en ok 713.4
triage-04-pt ok 251.8
triage-05-en ok 689.7
triage-05-pt ok 265.6
triage-06-en ok 695.8
triage-06-pt ok 275.4
triage-07-en ok 675.1
triage-07-pt ok 273.8
triage-08-en ok 801.0
triage-08-pt ok 310.6
triage-09-en ok 902.2
triage-09-pt ok 288.2
triage-10-en ok 799.6
triage-10-pt ok 345.1
triage-11-en ok 732.2
triage-11-pt ok 285.7
sentiment-00-en ok 526.7
sentiment-00-pt ok 190.0
sentiment-01-en ok 492.9
sentiment-01-pt ok 183.4
sentiment-02-en ok 507.6
sentiment-02-pt ok 200.6
sentiment-03-en ok 481.3
sentiment-03-pt ok 183.0
sentiment-04-en ok 482.0
sentiment-04-pt ok 208.3
sentiment-05-en ok 457.0
sentiment-05-pt ok 183.5
sentiment-06-en ok 521.2
sentiment-06-pt ok 266.1
sentiment-07-en ok 578.5
sentiment-07-pt ok 247.6
metric-00 ok 436.6
metric-01 ok 431.3
metric-02 ok 453.0
metric-03 ok 413.9
metric-04 ok 477.2
metric-05 ok 387.5
metric-06 ok 389.9
metric-07 ok 392.0
metric-08 ok 381.2
metric-09 ok 373.8
metric-10 ok 395.8
metric-11 ok 409.5
prompt-00 ok 168.6
prompt-01 ok 138.3
prompt-02 ok 127.2
prompt-03 ok 159.2
catalog-00 ok 10397.1
catalog-01 ok 10302.0
catalog-02 ok 10063.4
catalog-03 ok 9904.5
catalog-04 ok 10227.4
catalog-05 ok 12225.6
